// Jest Snapshot v1, https://goo.gl/fbAQLP

exports[`Login page Should return login form correctly 1`] = `
.c0 {
  height: 100vh;
  display: -webkit-box;
  display: -webkit-flex;
  display: -ms-flexbox;
  display: flex;
  -webkit-flex-direction: column;
  -ms-flex-direction: column;
  flex-direction: column;
  background-color: #f2f2f2;
}

.c1 {
  padding-left: 15px;
  padding-right: 15px;
}

.c2 {
  text-align: center;
  font-size: 42px;
  font-weight: 700;
  margin-top: 70px;
  margin-bottom: 45px;
}

.c3 {
  background-color: white;
  margin-left: auto;
  margin-right: auto;
  max-width: 445px;
  width: 100%;
  border-radius: 5px;
  padding: 20px 20px 30px;
  display: -webkit-box;
  display: -webkit-flex;
  display: -ms-flexbox;
  display: flex;
  -webkit-flex-direction: column;
  -ms-flex-direction: column;
  flex-direction: column;
}

.c4 {
  font-size: 32px;
  font-weight: 700;
  text-align: center;
  margin-bottom: 20px;
  -webkit-flex-direction: column;
  -ms-flex-direction: column;
  flex-direction: column;
}

.c5 {
  font-size: 16px;
  border-radius: 5px;
  border: 1px solid #bdbdbd;
  padding: 10px 12px;
  margin-bottom: 20px;
  outline: none;
}

.c5:focus {
  box-shadow: 0 0 0px 2px rgba(33,150,83,0.5);
}

.c5:disabled {
  color: gray;
}

.c7 {
  display: -webkit-box;
  display: -webkit-flex;
  display: -ms-flexbox;
  display: flex;
  -webkit-box-pack: justify;
  -webkit-justify-content: space-between;
  -ms-flex-pack: justify;
  justify-content: space-between;
}

.c7 + .c6 {
  margin-top: 20px;
}

.c9 {
  background-color: #219653;
  color: white;
  font-size: 16px;
  border-width: 0px;
  padding: 11px 13px;
  border-radius: 5px;
  cursor: pointer;
  outline: none;
}

.c9:hover {
  background-color: #308856;
}

.c9:focus {
  box-shadow: 0 0 0px 2px rgba(33,150,83,0.5);
}

.c9:active {
  background-color: #256a43;
}

.c9:disabled {
  background-color: hsla(146,10%,36%,1);
}

.c8 {
  color: #219653;
  -webkit-text-decoration: underline;
  text-decoration: underline;
}

.c8:hover {
  color: #308856;
}

.c8:active {
  color: #256a43;
}

<div>
  <div
    class="c0"
  >
    <div
      class="c1"
    >
      <h1
        class="c2"
      >
        withmoney
      </h1>
      <form
        class="c3"
      >
        <h2
          class="c4"
        >
          Signin
        </h2>
        <input
          class="c5"
          name="email"
          placeholder="Email"
          required=""
          type="email"
        />
        <input
          class="c5"
          name="password"
          placeholder="Password"
          required=""
          type="password"
        />
        <div
          class="c6 c7"
        >
          <a
            class="c8"
          >
            Reset your password
          </a>
          <button
            class="c9"
          >
            Login
          </button>
        </div>
        <div
          class="c6 c7"
        >
          <span>
            Do you not have an account?
          </span>
          <a
            class="c8"
          >
            Signup
          </a>
        </div>
      </form>
    </div>
  </div>
</div>
`;
