// Jest Snapshot v1, https://goo.gl/fbAQLP

exports[`AccountTotal should render a component correctly 1`] = `
<div
  className="account-total"
>
  <div
    className="account-total__label"
  >
    Your Account
  </div>
  <div
    className="account-total__money"
  >
    $ 10,123.45
  </div>
</div>
`;
