// Jest Snapshot v1, https://goo.gl/fbAQLP

exports[`BoxForm should render a component correctly 1`] = `
<div
  className="box-form"
>
  <h1
    className="box-form__title"
  >
    Title
  </h1>
  <form
    className="box-form__form"
    onSubmit={[MockFunction]}
  >
    <h3
      className="box-form__subtitle"
    >
      Subtitle
    </h3>
    <input
      name="input"
    />
    <div
      className="box-form__footer"
    >
      <button
        type="submit"
      >
        Action
      </button>
    </div>
  </form>
</div>
`;
