// Jest Snapshot v1, https://goo.gl/fbAQLP

exports[`HeaderPage should render a component correctly 1`] = `
<div
  className="header"
>
  <div
    className="header__container"
  >
    <div
      className="header__row"
    >
      <div
        className="header__title"
      >
        withmoney
      </div>
      <div
        className="menu-user"
      >
        <div
          className="menu-user__name"
        >
          David Costa
        </div>
        <img
          alt="avatar"
          className="menu-user__avatar"
          src="/static/img/avatar.jpg"
        />
      </div>
    </div>
  </div>
</div>
`;
