// Jest Snapshot v1, https://goo.gl/fbAQLP

exports[`TableTransactionItem should render a static row with transaction 1`] = `
<div
  className="table-transactions__row"
  onDoubleClick={[Function]}
>
  <div
    className="table-transactions__col"
  >
    2019-05-31
  </div>
  <div
    className="table-transactions__col"
  >
    Name
  </div>
  <div
    className="table-transactions__col"
  >
    4
  </div>
  <div
    className="table-transactions__col"
  >
    40.5
  </div>
  <div
    className="table-transactions__col"
  >
    <input
      type="checkbox"
    />
  </div>
</div>
`;
