// Jest Snapshot v1, https://goo.gl/fbAQLP

exports[`TableTransactionList should render null when dont have any transaction 1`] = `
<div
  className="table-transactions__no-data"
>
  No Transaction on this month.
</div>
`;

exports[`TableTransactionList should render spin when loading status is true 1`] = `
<div
  className="table-transactions__loading"
>
  <img
    alt="spin"
    className="spin"
    src="/static/img/spin-black.svg"
  />
</div>
`;

exports[`TableTransactionList should render table with list of transactions 1`] = `
<table-transaction-item
  columns={
    Array [
      Object {
        "label": "Is Paid?",
        "name": "isPaid",
        "style": Object {
          "flexBasis": "15%",
        },
      },
      Object {
        "label": "Date",
        "name": "transactionDate",
        "style": Object {
          "flexBasis": "15%",
        },
      },
      Object {
        "label": "Name",
        "name": "name",
        "style": Object {
          "flexBasis": "20%",
        },
      },
      Object {
        "label": "Category",
        "name": "CategoryId",
        "style": Object {
          "flexBasis": "20%",
        },
      },
      Object {
        "label": "Value",
        "name": "value",
        "style": Object {
          "flexBasis": "15%",
        },
      },
      Object {
        "label": "Action",
        "name": "action",
        "style": Object {
          "flexBasis": "15%",
        },
      },
    ]
  }
  transaction={
    Object {
      "CategoryId": 1,
      "id": 99,
      "name": "Name",
      "transactionDate": "2018-08-01 20:80",
      "value": "10.00",
    }
  }
/>
`;
